[2026-08-24T11:55:01] 启动 ma-media-crawler，配置: /Users/chaihao/.proma/agent-workspaces/proma-mit/project/apps/electron/default-skills/ma-media-crawler/examples/xhs-detail-config.json
[2026-08-24T11:55:01] 执行命令: uv run main.py --platform xhs --lt qrcode --type detail --save_data_option csv --headless false --specified_id https://www.xiaohongshu.com/explore/64b95d01000000000c034587?xsec_token=AB0EFqJvINCkj6xOCKCQgfNNh8GdnBC_6XecG4QOddo3Q=&xsec_source=pc_cfeed --get_comment true --get_sub_comment false --max_comments_count_singlenotes 20 --crawler_max_notes_count 1 --max_concurrency_num 1
[2026-08-24T11:55:01] 工作目录: /Users/chaihao/.proma/agent-workspaces/proma-mit/project/apps/electron/default-skills/ma-media-crawler/MediaCrawler
2026-08-24 11:55:05 MediaCrawler INFO (core.py:80) - [XiaoHongShuCrawler] Launching browser using CDP mode
2026-08-24 11:55:05 MediaCrawler INFO (cdp_browser.py:152) - [CDPBrowserManager] Connecting to existing browser on port 9222...
2026-08-24 11:55:05 MediaCrawler INFO (cdp_browser.py:155) - [CDPBrowserManager] Make sure remote debugging is enabled in your browser: chrome://inspect/#remote-debugging
2026-08-24 11:55:05 MediaCrawler INFO (cdp_browser.py:163) - [CDPBrowserManager] Waiting up to 60s for browser CDP connection...
2026-08-24 11:55:05 MediaCrawler INFO (cdp_browser.py:237) - [CDPBrowserManager] CDP port 9222 is accessible
2026-08-24 11:55:05 MediaCrawler INFO (cdp_browser.py:322) - [CDPBrowserManager] Connecting to existing browser via CDP: ws://localhost:9222/devtools/browser
2026-08-24 11:55:05 MediaCrawler INFO (cdp_browser.py:323) - [CDPBrowserManager] Please check your browser for a confirmation dialog and accept it
2026-08-24 11:55:05 MediaCrawler WARNING (cdp_browser.py:331) - [CDPBrowserManager] Direct existing-browser CDP connection failed: BrowserType.connect_over_cdp: WebSocket error: ws://localhost:9222/devtools/browser 404 Not Found
Call log:
  - <ws connecting> ws://localhost:9222/devtools/browser
  - <ws unexpected response> ws://localhost:9222/devtools/browser 404 Not Found
  - <ws error> ws://localhost:9222/devtools/browser error WebSocket was closed before the connection was established
  - <ws connect error> ws://localhost:9222/devtools/browser WebSocket was closed before the connection was established
  - <ws disconnected> ws://localhost:9222/devtools/browser code=1006 reason=
. Trying /json/version discovery...
2026-08-24 11:55:05 MediaCrawler INFO (cdp_browser.py:301) - [CDPBrowserManager] Got browser WebSocket URL: ws://localhost:9222/devtools/browser/5a267467-a0bf-4f9c-ac52-374181be437d
2026-08-24 11:55:05 MediaCrawler INFO (cdp_browser.py:336) - [CDPBrowserManager] Connecting to existing browser via discovered CDP: ws://localhost:9222/devtools/browser/5a267467-a0bf-4f9c-ac52-374181be437d
2026-08-24 11:55:06 MediaCrawler INFO (cdp_browser.py:349) - [CDPBrowserManager] Successfully connected to browser
2026-08-24 11:55:06 MediaCrawler INFO (cdp_browser.py:350) - [CDPBrowserManager] Browser contexts count: 1
2026-08-24 11:55:06 MediaCrawler INFO (cdp_browser.py:375) - [CDPBrowserManager] Using existing browser context
2026-08-24 11:55:06 MediaCrawler INFO (cdp_browser.py:194) - [CDPBrowserManager] Successfully connected to existing browser
2026-08-24 11:55:06 MediaCrawler INFO (core.py:463) - [XiaoHongShuCrawler] CDP browser info: {'version': '151.0.7922.172', 'contexts_count': 1, 'debug_port': 9222, 'is_connected': True}
2026-08-24 11:55:08 MediaCrawler INFO (core.py:383) - [XiaoHongShuCrawler.create_xhs_client] Begin create Xiaohongshu API client ...
2026-08-24 11:55:08 MediaCrawler INFO (client.py:292) - [XiaoHongShuClient.pong] Begin to check login state...
2026-08-24 11:55:09 MediaCrawler INFO (client.py:303) - [XiaoHongShuClient.pong] Login state result: False
2026-08-24 11:55:09 MediaCrawler INFO (login.py:89) - [XiaoHongShuLogin.begin] Begin login xiaohongshu ...
2026-08-24 11:55:09 MediaCrawler INFO (login.py:169) - [XiaoHongShuLogin.login_by_qrcode] Begin login xiaohongshu by qrcode ...
2026-08-24 11:55:39 MediaCrawler INFO (login.py:178) - [XiaoHongShuLogin.login_by_qrcode] login failed , have not found qrcode please check ....
2026-08-24 11:56:09 MediaCrawler INFO (cdp_browser.py:475) - [CDPBrowserManager] Browser connection disconnected
2026-08-24 11:56:09 MediaCrawler INFO (cdp_browser.py:492) - [CDPBrowserManager] Connected to existing browser, skipping process cleanup
Page.wait_for_selector: Timeout 30000ms exceeded.
Call log:
  - waiting for locator("//img[@class='qrcode-img']") to be visible

Traceback (most recent call last):
  File "/Users/chaihao/.proma/agent-workspaces/proma-mit/project/apps/electron/default-skills/ma-media-crawler/MediaCrawler/main.py", line 161, in <module>
    run(main, async_cleanup, cleanup_timeout_seconds=15.0, on_first_interrupt=_force_stop)
  File "/Users/chaihao/.proma/agent-workspaces/proma-mit/project/apps/electron/default-skills/ma-media-crawler/MediaCrawler/tools/app_runner.py", line 109, in run
    asyncio.run(_runner())
  File "/opt/homebrew/Cellar/python@3.11/3.11.15_4/Frameworks/Python.framework/Versions/3.11/lib/python3.11/asyncio/runners.py", line 190, in run
    return runner.run(main)
           ^^^^^^^^^^^^^^^^
  File "/opt/homebrew/Cellar/python@3.11/3.11.15_4/Frameworks/Python.framework/Versions/3.11/lib/python3.11/asyncio/runners.py", line 118, in run
    return self._loop.run_until_complete(task)
           ^^^^^^^^^^^^^^^^^^^^^^^^^^^^^^^^^^^
  File "/opt/homebrew/Cellar/python@3.11/3.11.15_4/Frameworks/Python.framework/Versions/3.11/lib/python3.11/asyncio/base_events.py", line 654, in run_until_complete
    return future.result()
           ^^^^^^^^^^^^^^^
  File "/Users/chaihao/.proma/agent-workspaces/proma-mit/project/apps/electron/default-skills/ma-media-crawler/MediaCrawler/tools/app_runner.py", line 96, in _runner
    await app_main()
  File "/Users/chaihao/.proma/agent-workspaces/proma-mit/project/apps/electron/default-skills/ma-media-crawler/MediaCrawler/main.py", line 114, in main
    await crawler.start()
  File "/Users/chaihao/.proma/agent-workspaces/proma-mit/project/apps/electron/default-skills/ma-media-crawler/MediaCrawler/media_platform/xhs/core.py", line 113, in start
    await login_obj.begin()
  File "/Users/chaihao/.proma/agent-workspaces/proma-mit/project/apps/electron/default-skills/ma-media-crawler/MediaCrawler/media_platform/xhs/login.py", line 91, in begin
    await self.login_by_qrcode()
  File "/Users/chaihao/.proma/agent-workspaces/proma-mit/project/apps/electron/default-skills/ma-media-crawler/MediaCrawler/media_platform/xhs/login.py", line 182, in login_by_qrcode
    await login_button_ele.click()
  File "/Users/chaihao/.proma/agent-workspaces/proma-mit/project/apps/electron/default-skills/ma-media-crawler/MediaCrawler/.venv/lib/python3.11/site-packages/playwright/async_api/_generated.py", line 17692, in click
    await self._impl_obj.click(
  File "/Users/chaihao/.proma/agent-workspaces/proma-mit/project/apps/electron/default-skills/ma-media-crawler/MediaCrawler/.venv/lib/python3.11/site-packages/playwright/_impl/_locator.py", line 163, in click
    return await self._frame._click(self._selector, strict=True, **params)
           ^^^^^^^^^^^^^^^^^^^^^^^^^^^^^^^^^^^^^^^^^^^^^^^^^^^^^^^^^^^^^^^
  File "/Users/chaihao/.proma/agent-workspaces/proma-mit/project/apps/electron/default-skills/ma-media-crawler/MediaCrawler/.venv/lib/python3.11/site-packages/playwright/_impl/_frame.py", line 591, in _click
    await self._channel.send("click", self._timeout, locals_to_params(locals()))
  File "/Users/chaihao/.proma/agent-workspaces/proma-mit/project/apps/electron/default-skills/ma-media-crawler/MediaCrawler/.venv/lib/python3.11/site-packages/playwright/_impl/_connection.py", line 69, in send
    return await self._connection.wrap_api_call(
           ^^^^^^^^^^^^^^^^^^^^^^^^^^^^^^^^^^^^^
  File "/Users/chaihao/.proma/agent-workspaces/proma-mit/project/apps/electron/default-skills/ma-media-crawler/MediaCrawler/.venv/lib/python3.11/site-packages/playwright/_impl/_connection.py", line 563, in wrap_api_call
    raise rewrite_error(error, f"{parsed_st['apiName']}: {error}") from None
playwright._impl._errors.TimeoutError: Locator.click: Timeout 30000ms exceeded.
Call log:
  - waiting for locator("//*[@id='app']/div[1]/div[2]/div[1]/ul/div[1]/button")

[2026-08-24T11:56:10] ERROR: MediaCrawler 进程退出码 1，请查看日志: /Users/chaihao/.proma/agent-workspaces/proma-mit/project/workspace-files/ma-media-crawler/run_20260824_115501.log
