[2026-08-24T11:54:36] 启动 ma-media-crawler，配置: /Users/chaihao/.proma/agent-workspaces/proma-mit/project/apps/electron/default-skills/ma-media-crawler/examples/xhs-detail-config.json
[2026-08-24T11:54:36] 执行命令: uv run main.py --platform xhs --lt cdp --type detail --save_data_option csv --headless false --specified_id https://www.xiaohongshu.com/explore/64b95d01000000000c034587?xsec_token=AB0EFqJvINCkj6xOCKCQgfNNh8GdnBC_6XecG4QOddo3Q=&xsec_source=pc_cfeed --get_comment true --get_sub_comment false --max_comments_count_singlenotes 20 --crawler_max_notes_count 1 --max_concurrency_num 1
[2026-08-24T11:54:36] 工作目录: /Users/chaihao/.proma/agent-workspaces/proma-mit/project/apps/electron/default-skills/ma-media-crawler/MediaCrawler
Traceback (most recent call last):
  File "/Users/chaihao/.proma/agent-workspaces/proma-mit/project/apps/electron/default-skills/ma-media-crawler/MediaCrawler/.venv/lib/python3.11/site-packages/click/types.py", line 348, in convert
    return next(
           ^^^^^
StopIteration

During handling of the above exception, another exception occurred:

Traceback (most recent call last):
  File "/Users/chaihao/.proma/agent-workspaces/proma-mit/project/apps/electron/default-skills/ma-media-crawler/MediaCrawler/main.py", line 161, in <module>
    run(main, async_cleanup, cleanup_timeout_seconds=15.0, on_first_interrupt=_force_stop)
  File "/Users/chaihao/.proma/agent-workspaces/proma-mit/project/apps/electron/default-skills/ma-media-crawler/MediaCrawler/tools/app_runner.py", line 109, in run
    asyncio.run(_runner())
  File "/opt/homebrew/Cellar/python@3.11/3.11.15_4/Frameworks/Python.framework/Versions/3.11/lib/python3.11/asyncio/runners.py", line 190, in run
    return runner.run(main)
           ^^^^^^^^^^^^^^^^
  File "/opt/homebrew/Cellar/python@3.11/3.11.15_4/Frameworks/Python.framework/Versions/3.11/lib/python3.11/asyncio/runners.py", line 118, in run
    return self._loop.run_until_complete(task)
           ^^^^^^^^^^^^^^^^^^^^^^^^^^^^^^^^^^^
  File "/opt/homebrew/Cellar/python@3.11/3.11.15_4/Frameworks/Python.framework/Versions/3.11/lib/python3.11/asyncio/base_events.py", line 654, in run_until_complete
    return future.result()
           ^^^^^^^^^^^^^^^
  File "/Users/chaihao/.proma/agent-workspaces/proma-mit/project/apps/electron/default-skills/ma-media-crawler/MediaCrawler/tools/app_runner.py", line 96, in _runner
    await app_main()
  File "/Users/chaihao/.proma/agent-workspaces/proma-mit/project/apps/electron/default-skills/ma-media-crawler/MediaCrawler/main.py", line 103, in main
    args = await cmd_arg.parse_cmd()
           ^^^^^^^^^^^^^^^^^^^^^^^^^
  File "/Users/chaihao/.proma/agent-workspaces/proma-mit/project/apps/electron/default-skills/ma-media-crawler/MediaCrawler/cmd_arg/arg.py", line 426, in parse_cmd
    result = command.main(args=cli_args, standalone_mode=False)
             ^^^^^^^^^^^^^^^^^^^^^^^^^^^^^^^^^^^^^^^^^^^^^^^^^^
  File "/Users/chaihao/.proma/agent-workspaces/proma-mit/project/apps/electron/default-skills/ma-media-crawler/MediaCrawler/.venv/lib/python3.11/site-packages/typer/core.py", line 784, in main
    return _main(
           ^^^^^^
  File "/Users/chaihao/.proma/agent-workspaces/proma-mit/project/apps/electron/default-skills/ma-media-crawler/MediaCrawler/.venv/lib/python3.11/site-packages/typer/core.py", line 191, in _main
    with self.make_context(prog_name, args, **extra) as ctx:
         ^^^^^^^^^^^^^^^^^^^^^^^^^^^^^^^^^^^^^^^^^^^
  File "/Users/chaihao/.proma/agent-workspaces/proma-mit/project/apps/electron/default-skills/ma-media-crawler/MediaCrawler/.venv/lib/python3.11/site-packages/click/core.py", line 1186, in make_context
    self.parse_args(ctx, args)
  File "/Users/chaihao/.proma/agent-workspaces/proma-mit/project/apps/electron/default-skills/ma-media-crawler/MediaCrawler/.venv/lib/python3.11/site-packages/click/core.py", line 1786, in parse_args
    rest = super().parse_args(ctx, args)
           ^^^^^^^^^^^^^^^^^^^^^^^^^^^^^
  File "/Users/chaihao/.proma/agent-workspaces/proma-mit/project/apps/electron/default-skills/ma-media-crawler/MediaCrawler/.venv/lib/python3.11/site-packages/click/core.py", line 1197, in parse_args
    value, args = param.handle_parse_result(ctx, opts, args)
                  ^^^^^^^^^^^^^^^^^^^^^^^^^^^^^^^^^^^^^^^^^^
  File "/Users/chaihao/.proma/agent-workspaces/proma-mit/project/apps/electron/default-skills/ma-media-crawler/MediaCrawler/.venv/lib/python3.11/site-packages/click/core.py", line 2416, in handle_parse_result
    value = self.process_value(ctx, value)
            ^^^^^^^^^^^^^^^^^^^^^^^^^^^^^^
  File "/Users/chaihao/.proma/agent-workspaces/proma-mit/project/apps/electron/default-skills/ma-media-crawler/MediaCrawler/.venv/lib/python3.11/site-packages/click/core.py", line 2349, in process_value
    value = self.type_cast_value(ctx, value)
            ^^^^^^^^^^^^^^^^^^^^^^^^^^^^^^^^
  File "/Users/chaihao/.proma/agent-workspaces/proma-mit/project/apps/electron/default-skills/ma-media-crawler/MediaCrawler/.venv/lib/python3.11/site-packages/click/core.py", line 2337, in type_cast_value
    return convert(value)
           ^^^^^^^^^^^^^^
  File "/Users/chaihao/.proma/agent-workspaces/proma-mit/project/apps/electron/default-skills/ma-media-crawler/MediaCrawler/.venv/lib/python3.11/site-packages/click/core.py", line 2309, in convert
    return self.type(value, param=self, ctx=ctx)
           ^^^^^^^^^^^^^^^^^^^^^^^^^^^^^^^^^^^^^
  File "/Users/chaihao/.proma/agent-workspaces/proma-mit/project/apps/electron/default-skills/ma-media-crawler/MediaCrawler/.venv/lib/python3.11/site-packages/click/types.py", line 90, in __call__
    return self.convert(value, param, ctx)
           ^^^^^^^^^^^^^^^^^^^^^^^^^^^^^^^
  File "/Users/chaihao/.proma/agent-workspaces/proma-mit/project/apps/electron/default-skills/ma-media-crawler/MediaCrawler/.venv/lib/python3.11/site-packages/click/types.py", line 354, in convert
    self.fail(
  File "/Users/chaihao/.proma/agent-workspaces/proma-mit/project/apps/electron/default-skills/ma-media-crawler/MediaCrawler/.venv/lib/python3.11/site-packages/click/types.py", line 143, in fail
    raise BadParameter(message, ctx=ctx, param=param)
click.exceptions.BadParameter: 'cdp' is not one of 'qrcode', 'phone', 'cookie'.
[2026-08-24T11:54:38] ERROR: MediaCrawler 进程退出码 1，请查看日志: /Users/chaihao/.proma/agent-workspaces/proma-mit/project/workspace-files/ma-media-crawler/run_20260824_115436.log
